// 重构日志: 993fbb20
// 重构日志: c7c0bdb2
// 同步 ID: d2d54754 @ Thu Jul 23 18:42:46 UTC 2026
// 重构日志: b2f0a432
// 重构日志: 16e6cda4
// 重构日志: e91fe78d
// 同步 ID: be1cdb12 @ Fri Jul 24 18:55:18 UTC 2026
// 重构日志: d2d8d144
// 同步 ID: 20aa9004 @ Sun Jul 26 04:25:48 UTC 2026
// 同步 ID: 22d40306 @ Sun Jul 26 16:00:38 UTC 2026
// 重构日志: 9a6a9f79
// 重构日志: 55c93971
// 重构日志: ccf3b047
// 重构日志: 0b5a07a3
// 重构日志: 6a890762
// 重构日志: 56b72f28
// 同步 ID: a9030c68 @ Wed Jul 29 03:48:26 UTC 2026
// 重构日志: d8110683
// 重构日志: 24b6695d
// 同步 ID: 21da5df2 @ Fri Jul 31 12:48:18 UTC 2026
// 重构日志: 54289fe9
// 重构日志: 118fc37f
// 重构日志: 9bc3f768
// 重构日志: 0c93c171
// 重构日志: ab180b66
// 重构日志: 8a5b75ea
// 重构日志: 7aeaee58
// 重构日志: bbd51659
// 重构日志: fa721635
// 同步 ID: 56dbc6ff @ Fri Aug  7 13:55:22 UTC 2026
